2026-04-27T17:16:23.543+05:30  INFO 27272 --- [orderserrvice] [main] in.ashokit.OrderserrviceApplication      : Starting OrderserrviceApplication using Java 17.0.12 with PID 27272 (C:\Users\HP\Documents\workspace-spring-tools-for-eclipse-4.32.2.RELEASE\orderserrvice\target\classes started by HP in C:\Users\HP\Documents\workspace-spring-tools-for-eclipse-4.32.2.RELEASE\orderserrvice)
2026-04-27T17:16:23.546+05:30  INFO 27272 --- [orderserrvice] [main] in.ashokit.OrderserrviceApplication      : No active profile set, falling back to 1 default profile: "default"
2026-04-27T17:16:26.871+05:30  INFO 27272 --- [orderserrvice] [main] .s.d.r.c.RepositoryConfigurationDelegate : Bootstrapping Spring Data JPA repositories in DEFAULT mode.
2026-04-27T17:16:28.064+05:30  INFO 27272 --- [orderserrvice] [main] .s.d.r.c.RepositoryConfigurationDelegate : Finished Spring Data repository scanning in 1145 ms. Found 1 JPA repository interface.
2026-04-27T17:16:29.480+05:30  INFO 27272 --- [orderserrvice] [main] o.s.cloud.context.scope.GenericScope     : BeanFactory id=d11742c9-a50e-38ce-9cf8-afa54cd87132
2026-04-27T17:16:32.192+05:30  INFO 27272 --- [orderserrvice] [main] o.s.boot.tomcat.TomcatWebServer          : Tomcat initialized with port 8081 (http)
2026-04-27T17:16:32.209+05:30  INFO 27272 --- [orderserrvice] [main] o.apache.catalina.core.StandardService   : Starting service [Tomcat]
2026-04-27T17:16:32.209+05:30  INFO 27272 --- [orderserrvice] [main] o.apache.catalina.core.StandardEngine    : Starting Servlet engine: [Apache Tomcat/11.0.21]
2026-04-27T17:16:32.335+05:30  INFO 27272 --- [orderserrvice] [main] b.w.c.s.WebApplicationContextInitializer : Root WebApplicationContext: initialization completed in 8629 ms
2026-04-27T17:16:32.724+05:30 DEBUG 27272 --- [orderserrvice] [main] in.ashokit.jwt.HeaderAuthFilter          : Filter 'headerAuthFilter' configured for use
2026-04-27T17:16:34.000+05:30  INFO 27272 --- [orderserrvice] [main] org.hibernate.orm.jpa                    : HHH008540: Processing PersistenceUnitInfo [name: default]
2026-04-27T17:16:35.014+05:30  INFO 27272 --- [orderserrvice] [main] org.hibernate.orm.core                   : HHH000001: Hibernate ORM core version 7.2.12.Final
2026-04-27T17:16:36.822+05:30  INFO 27272 --- [orderserrvice] [main] o.s.o.j.p.SpringPersistenceUnitInfo      : No LoadTimeWeaver setup: ignoring JPA class transformer
2026-04-27T17:16:36.986+05:30  INFO 27272 --- [orderserrvice] [main] com.zaxxer.hikari.HikariDataSource       : HikariPool-1 - Starting...
2026-04-27T17:16:39.773+05:30  INFO 27272 --- [orderserrvice] [main] com.zaxxer.hikari.pool.HikariPool        : HikariPool-1 - Added connection com.mysql.cj.jdbc.ConnectionImpl@2eb31735
2026-04-27T17:16:39.821+05:30  INFO 27272 --- [orderserrvice] [main] com.zaxxer.hikari.HikariDataSource       : HikariPool-1 - Start completed.
2026-04-27T17:16:40.650+05:30  INFO 27272 --- [orderserrvice] [main] org.hibernate.orm.connections.pooling    : HHH10001005: Database info:
	Database JDBC URL [jdbc:mysql://localhost:3306/orders]
	Database driver: MySQL Connector/J
	Database dialect: MySQLDialect
	Database version: 8.4.7
	Default catalog/schema: orders/undefined
	Autocommit mode: undefined/unknown
	Isolation level: REPEATABLE_READ [default REPEATABLE_READ]
	JDBC fetch size: none
	Pool: DataSourceConnectionProvider
	Minimum pool size: undefined/unknown
	Maximum pool size: undefined/unknown
2026-04-27T17:16:45.945+05:30  INFO 27272 --- [orderserrvice] [main] org.hibernate.orm.core                   : HHH000489: No JTA platform available (set 'hibernate.transaction.jta.platform' to enable JTA platform integration)
2026-04-27T17:16:46.592+05:30  INFO 27272 --- [orderserrvice] [main] j.LocalContainerEntityManagerFactoryBean : Initialized JPA EntityManagerFactory for persistence unit 'default'
2026-04-27T17:16:46.958+05:30  INFO 27272 --- [orderserrvice] [main] o.s.d.j.r.query.QueryEnhancerFactories   : Hibernate is in classpath; If applicable, HQL parser will be used.
2026-04-27T17:16:47.806+05:30  WARN 27272 --- [orderserrvice] [main] JpaBaseConfiguration$JpaWebConfiguration : spring.jpa.open-in-view is enabled by default. Therefore, database queries may be performed during view rendering. Explicitly configure spring.jpa.open-in-view to disable this warning
2026-04-27T17:16:48.076+05:30  WARN 27272 --- [orderserrvice] [main] .s.a.UserDetailsServiceAutoConfiguration : 

Using generated security password: 5de4dc5a-66f5-4119-8ecf-cc6331e6c2b6

This generated password is for development use only. Your security configuration must be updated before running your application in production.

2026-04-27T17:16:48.093+05:30  INFO 27272 --- [orderserrvice] [main] r$InitializeUserDetailsManagerConfigurer : Global AuthenticationManager configured with UserDetailsService bean with name inMemoryUserDetailsManager
2026-04-27T17:16:50.888+05:30  INFO 27272 --- [orderserrvice] [main] DiscoveryClientOptionalArgsConfiguration : Eureka HTTP Client uses RestClient.
2026-04-27T17:16:50.931+05:30  WARN 27272 --- [orderserrvice] [main] iguration$LoadBalancerCaffeineWarnLogger : Spring Cloud LoadBalancer is currently working with the default cache. While this cache implementation is useful for development and tests, it's recommended to use Caffeine cache in production.You can switch to using Caffeine cache, by adding it and org.springframework.cache.caffeine.CaffeineCacheManager to the classpath.
2026-04-27T17:16:50.939+05:30  INFO 27272 --- [orderserrvice] [main] o.s.b.a.e.web.EndpointLinksResolver      : Exposing 2 endpoints beneath base path '/actuator'
2026-04-27T17:16:51.171+05:30  INFO 27272 --- [orderserrvice] [main] o.s.c.n.eureka.InstanceInfoFactory       : Setting initial instance status as: STARTING
2026-04-27T17:16:51.199+05:30  INFO 27272 --- [orderserrvice] [main] com.netflix.discovery.DiscoveryClient    : Initializing Eureka in region us-east-1
2026-04-27T17:16:51.204+05:30  INFO 27272 --- [orderserrvice] [main] c.n.d.s.r.aws.ConfigClusterResolver      : Resolving eureka endpoints via configuration
2026-04-27T17:16:51.215+05:30  INFO 27272 --- [orderserrvice] [main] com.netflix.discovery.DiscoveryClient    : Disable delta property : false
2026-04-27T17:16:51.215+05:30  INFO 27272 --- [orderserrvice] [main] com.netflix.discovery.DiscoveryClient    : Single vip registry refresh property : null
2026-04-27T17:16:51.215+05:30  INFO 27272 --- [orderserrvice] [main] com.netflix.discovery.DiscoveryClient    : Force full registry fetch : false
2026-04-27T17:16:51.215+05:30  INFO 27272 --- [orderserrvice] [main] com.netflix.discovery.DiscoveryClient    : Application is null : false
2026-04-27T17:16:51.215+05:30  INFO 27272 --- [orderserrvice] [main] com.netflix.discovery.DiscoveryClient    : Registered Applications size is zero : true
2026-04-27T17:16:51.215+05:30  INFO 27272 --- [orderserrvice] [main] com.netflix.discovery.DiscoveryClient    : Application version is -1: true
2026-04-27T17:16:51.215+05:30  INFO 27272 --- [orderserrvice] [main] com.netflix.discovery.DiscoveryClient    : Getting all instance registry info from the eureka server
2026-04-27T17:16:53.670+05:30  INFO 27272 --- [orderserrvice] [main] com.netflix.discovery.DiscoveryClient    : The response status is 200
2026-04-27T17:16:53.673+05:30  INFO 27272 --- [orderserrvice] [main] com.netflix.discovery.DiscoveryClient    : Starting heartbeat executor: renew interval is: 30
2026-04-27T17:16:53.675+05:30  INFO 27272 --- [orderserrvice] [main] c.n.discovery.InstanceInfoReplicator     : InstanceInfoReplicator onDemand update allowed rate per min is 4
2026-04-27T17:16:53.678+05:30  INFO 27272 --- [orderserrvice] [main] com.netflix.discovery.DiscoveryClient    : Discovery Client initialized at timestamp 1777290413676 with initial instances count: 1
2026-04-27T17:16:53.682+05:30  INFO 27272 --- [orderserrvice] [main] o.s.c.n.e.s.EurekaServiceRegistry        : Registering application ORDERSERRVICE with eureka with status UP
2026-04-27T17:16:53.683+05:30  INFO 27272 --- [orderserrvice] [main] com.netflix.discovery.DiscoveryClient    : Saw local status change event StatusChangeEvent [timestamp=1777290413683, current=UP, previous=STARTING]
2026-04-27T17:16:53.685+05:30  INFO 27272 --- [orderserrvice] [DiscoveryClient-InstanceInfoReplicator-%d] com.netflix.discovery.DiscoveryClient    : DiscoveryClient_ORDERSERRVICE/DESKTOP-4NM1QG2:orderserrvice:8081: registering service...
2026-04-27T17:16:53.804+05:30  INFO 27272 --- [orderserrvice] [main] o.s.boot.tomcat.TomcatWebServer          : Tomcat started on port 8081 (http) with context path '/'
2026-04-27T17:16:53.805+05:30  INFO 27272 --- [orderserrvice] [main] .s.c.n.e.s.EurekaAutoServiceRegistration : Updating port to 8081
2026-04-27T17:16:53.823+05:30  INFO 27272 --- [orderserrvice] [DiscoveryClient-InstanceInfoReplicator-%d] com.netflix.discovery.DiscoveryClient    : DiscoveryClient_ORDERSERRVICE/DESKTOP-4NM1QG2:orderserrvice:8081 - registration status: 204
2026-04-27T17:16:53.919+05:30  INFO 27272 --- [orderserrvice] [main] in.ashokit.OrderserrviceApplication      : Started OrderserrviceApplication in 31.387 seconds (process running for 33.471)
2026-04-27T17:16:53.927+05:30  WARN 27272 --- [orderserrvice] [main] o.s.core.events.SpringDocAppInitializer  : SpringDoc /v3/api-docs endpoint is enabled by default. To disable it in production, set the property 'springdoc.api-docs.enabled=false'
2026-04-27T17:16:53.927+05:30  WARN 27272 --- [orderserrvice] [main] o.s.core.events.SpringDocAppInitializer  : SpringDoc /swagger-ui.html endpoint is enabled by default. To disable it in production, set the property 'springdoc.swagger-ui.enabled=false'
2026-04-27T17:17:00.399+05:30  INFO 27272 --- [orderserrvice] [RMI TCP Connection(11)-127.0.0.1] o.a.c.c.C.[Tomcat].[localhost].[/]       : Initializing Spring DispatcherServlet 'dispatcherServlet'
2026-04-27T17:17:00.399+05:30  INFO 27272 --- [orderserrvice] [RMI TCP Connection(11)-127.0.0.1] o.s.web.servlet.DispatcherServlet        : Initializing Servlet 'dispatcherServlet'
2026-04-27T17:17:00.403+05:30  INFO 27272 --- [orderserrvice] [RMI TCP Connection(11)-127.0.0.1] o.s.web.servlet.DispatcherServlet        : Completed initialization in 4 ms
2026-04-27T17:21:51.220+05:30  INFO 27272 --- [orderserrvice] [AsyncResolver-bootstrap-executor-%d] c.n.d.s.r.aws.ConfigClusterResolver      : Resolving eureka endpoints via configuration
2026-04-27T17:26:51.231+05:30  INFO 27272 --- [orderserrvice] [AsyncResolver-bootstrap-executor-%d] c.n.d.s.r.aws.ConfigClusterResolver      : Resolving eureka endpoints via configuration
2026-04-27T17:31:51.239+05:30  INFO 27272 --- [orderserrvice] [AsyncResolver-bootstrap-executor-%d] c.n.d.s.r.aws.ConfigClusterResolver      : Resolving eureka endpoints via configuration
2026-04-27T17:36:51.246+05:30  INFO 27272 --- [orderserrvice] [AsyncResolver-bootstrap-executor-%d] c.n.d.s.r.aws.ConfigClusterResolver      : Resolving eureka endpoints via configuration
2026-04-27T17:37:22.747+05:30  WARN 27272 --- [orderserrvice] [http-nio-8081-exec-2] in.ashokit.jwt.HeaderAuthFilter          : Missing X-User or X-Roles headers in request
2026-04-27T17:40:08.795+05:30  INFO 27272 --- [orderserrvice] [RMI TCP Connection(41)-127.0.0.1] inMXBeanRegistrar$SpringApplicationAdmin : Application shutdown requested.
2026-04-27T17:40:08.822+05:30  INFO 27272 --- [orderserrvice] [RMI TCP Connection(41)-127.0.0.1] o.s.c.n.e.s.EurekaServiceRegistry        : Unregistering application ORDERSERRVICE with eureka with status DOWN
2026-04-27T17:40:08.823+05:30  INFO 27272 --- [orderserrvice] [RMI TCP Connection(41)-127.0.0.1] com.netflix.discovery.DiscoveryClient    : Saw local status change event StatusChangeEvent [timestamp=1777291808823, current=DOWN, previous=UP]
2026-04-27T17:40:08.825+05:30  INFO 27272 --- [orderserrvice] [DiscoveryClient-InstanceInfoReplicator-%d] com.netflix.discovery.DiscoveryClient    : DiscoveryClient_ORDERSERRVICE/DESKTOP-4NM1QG2:orderserrvice:8081: registering service...
2026-04-27T17:40:09.597+05:30  INFO 27272 --- [orderserrvice] [RMI TCP Connection(41)-127.0.0.1] o.s.boot.tomcat.GracefulShutdown         : Commencing graceful shutdown. Waiting for active requests to complete
2026-04-27T17:40:10.189+05:30  INFO 27272 --- [orderserrvice] [tomcat-shutdown] o.s.boot.tomcat.GracefulShutdown         : Graceful shutdown complete
2026-04-27T17:40:10.456+05:30  INFO 27272 --- [orderserrvice] [DiscoveryClient-InstanceInfoReplicator-%d] com.netflix.discovery.DiscoveryClient    : DiscoveryClient_ORDERSERRVICE/DESKTOP-4NM1QG2:orderserrvice:8081 - registration status: 204
2026-04-27T17:40:11.699+05:30  INFO 27272 --- [orderserrvice] [RMI TCP Connection(41)-127.0.0.1] j.LocalContainerEntityManagerFactoryBean : Closing JPA EntityManagerFactory for persistence unit 'default'
2026-04-27T17:40:12.080+05:30  INFO 27272 --- [orderserrvice] [RMI TCP Connection(41)-127.0.0.1] com.zaxxer.hikari.HikariDataSource       : HikariPool-1 - Shutdown initiated...
2026-04-27T17:40:13.659+05:30  INFO 27272 --- [orderserrvice] [RMI TCP Connection(41)-127.0.0.1] com.zaxxer.hikari.HikariDataSource       : HikariPool-1 - Shutdown completed.
2026-04-27T17:40:13.666+05:30  INFO 27272 --- [orderserrvice] [RMI TCP Connection(41)-127.0.0.1] com.netflix.discovery.DiscoveryClient    : Shutting down DiscoveryClient ...
2026-04-27T17:40:16.674+05:30  INFO 27272 --- [orderserrvice] [RMI TCP Connection(41)-127.0.0.1] com.netflix.discovery.DiscoveryClient    : Unregistering ...
2026-04-27T17:40:22.829+05:30  INFO 27272 --- [orderserrvice] [RMI TCP Connection(41)-127.0.0.1] com.netflix.discovery.DiscoveryClient    : DiscoveryClient_ORDERSERRVICE/DESKTOP-4NM1QG2:orderserrvice:8081 - deregister  status: 200
2026-04-27T17:40:22.829+05:30  INFO 27272 --- [orderserrvice] [RMI TCP Connection(41)-127.0.0.1] com.netflix.discovery.DiscoveryClient    : Completed shut down of DiscoveryClient
2026-04-27T18:03:09.406+05:30  INFO 17108 --- [orderserrvice] [main] in.ashokit.OrderserrviceApplication      : Starting OrderserrviceApplication using Java 17.0.12 with PID 17108 (C:\Users\HP\Documents\workspace-spring-tools-for-eclipse-4.32.2.RELEASE\orderserrvice\target\classes started by HP in C:\Users\HP\Documents\workspace-spring-tools-for-eclipse-4.32.2.RELEASE\orderserrvice)
2026-04-27T18:03:09.605+05:30  INFO 17108 --- [orderserrvice] [main] in.ashokit.OrderserrviceApplication      : No active profile set, falling back to 1 default profile: "default"
2026-04-27T18:03:40.975+05:30  INFO 17108 --- [orderserrvice] [main] .s.d.r.c.RepositoryConfigurationDelegate : Bootstrapping Spring Data JPA repositories in DEFAULT mode.
2026-04-27T18:03:41.987+05:30  INFO 17108 --- [orderserrvice] [main] .s.d.r.c.RepositoryConfigurationDelegate : Finished Spring Data repository scanning in 936 ms. Found 1 JPA repository interface.
2026-04-27T18:03:46.990+05:30  INFO 17108 --- [orderserrvice] [main] o.s.cloud.context.scope.GenericScope     : BeanFactory id=d11742c9-a50e-38ce-9cf8-afa54cd87132
2026-04-27T18:03:54.726+05:30  INFO 17108 --- [orderserrvice] [main] o.s.boot.tomcat.TomcatWebServer          : Tomcat initialized with port 8081 (http)
2026-04-27T18:03:54.745+05:30  INFO 17108 --- [orderserrvice] [main] o.apache.catalina.core.StandardService   : Starting service [Tomcat]
2026-04-27T18:03:54.745+05:30  INFO 17108 --- [orderserrvice] [main] o.apache.catalina.core.StandardEngine    : Starting Servlet engine: [Apache Tomcat/11.0.21]
2026-04-27T18:03:55.017+05:30  INFO 17108 --- [orderserrvice] [main] b.w.c.s.WebApplicationContextInitializer : Root WebApplicationContext: initialization completed in 44859 ms
2026-04-27T18:03:55.440+05:30 DEBUG 17108 --- [orderserrvice] [main] in.ashokit.jwt.HeaderAuthFilter          : Filter 'headerAuthFilter' configured for use
2026-04-27T18:03:57.293+05:30  INFO 17108 --- [orderserrvice] [main] org.hibernate.orm.jpa                    : HHH008540: Processing PersistenceUnitInfo [name: default]
2026-04-27T18:03:58.504+05:30  INFO 17108 --- [orderserrvice] [main] org.hibernate.orm.core                   : HHH000001: Hibernate ORM core version 7.2.12.Final
2026-04-27T18:04:02.264+05:30  INFO 17108 --- [orderserrvice] [main] o.s.o.j.p.SpringPersistenceUnitInfo      : No LoadTimeWeaver setup: ignoring JPA class transformer
2026-04-27T18:04:02.792+05:30  INFO 17108 --- [orderserrvice] [main] com.zaxxer.hikari.HikariDataSource       : HikariPool-1 - Starting...
2026-04-27T18:04:08.178+05:30  INFO 17108 --- [orderserrvice] [main] com.zaxxer.hikari.pool.HikariPool        : HikariPool-1 - Added connection com.mysql.cj.jdbc.ConnectionImpl@2fcad739
2026-04-27T18:04:08.277+05:30  INFO 17108 --- [orderserrvice] [main] com.zaxxer.hikari.HikariDataSource       : HikariPool-1 - Start completed.
2026-04-27T18:04:11.281+05:30  INFO 17108 --- [orderserrvice] [main] org.hibernate.orm.connections.pooling    : HHH10001005: Database info:
	Database JDBC URL [jdbc:mysql://localhost:3306/orders]
	Database driver: MySQL Connector/J
	Database dialect: MySQLDialect
	Database version: 8.4.7
	Default catalog/schema: orders/undefined
	Autocommit mode: undefined/unknown
	Isolation level: REPEATABLE_READ [default REPEATABLE_READ]
	JDBC fetch size: none
	Pool: DataSourceConnectionProvider
	Minimum pool size: undefined/unknown
	Maximum pool size: undefined/unknown
2026-04-27T18:04:15.235+05:30  INFO 17108 --- [orderserrvice] [main] org.hibernate.orm.core                   : HHH000489: No JTA platform available (set 'hibernate.transaction.jta.platform' to enable JTA platform integration)
2026-04-27T18:04:16.589+05:30  INFO 17108 --- [orderserrvice] [main] j.LocalContainerEntityManagerFactoryBean : Initialized JPA EntityManagerFactory for persistence unit 'default'
2026-04-27T18:04:17.359+05:30  INFO 17108 --- [orderserrvice] [main] o.s.d.j.r.query.QueryEnhancerFactories   : Hibernate is in classpath; If applicable, HQL parser will be used.
2026-04-27T18:04:18.721+05:30  WARN 17108 --- [orderserrvice] [main] JpaBaseConfiguration$JpaWebConfiguration : spring.jpa.open-in-view is enabled by default. Therefore, database queries may be performed during view rendering. Explicitly configure spring.jpa.open-in-view to disable this warning
2026-04-27T18:04:18.909+05:30  WARN 17108 --- [orderserrvice] [main] .s.a.UserDetailsServiceAutoConfiguration : 

Using generated security password: 3cf8bc1b-b5e2-4cbd-b81a-f0c2f4c194dd

This generated password is for development use only. Your security configuration must be updated before running your application in production.

2026-04-27T18:04:18.919+05:30  INFO 17108 --- [orderserrvice] [main] r$InitializeUserDetailsManagerConfigurer : Global AuthenticationManager configured with UserDetailsService bean with name inMemoryUserDetailsManager
2026-04-27T18:04:22.138+05:30  INFO 17108 --- [orderserrvice] [main] DiscoveryClientOptionalArgsConfiguration : Eureka HTTP Client uses RestClient.
2026-04-27T18:04:22.198+05:30  WARN 17108 --- [orderserrvice] [main] iguration$LoadBalancerCaffeineWarnLogger : Spring Cloud LoadBalancer is currently working with the default cache. While this cache implementation is useful for development and tests, it's recommended to use Caffeine cache in production.You can switch to using Caffeine cache, by adding it and org.springframework.cache.caffeine.CaffeineCacheManager to the classpath.
2026-04-27T18:04:22.203+05:30  INFO 17108 --- [orderserrvice] [main] o.s.b.a.e.web.EndpointLinksResolver      : Exposing 2 endpoints beneath base path '/actuator'
2026-04-27T18:04:22.512+05:30  INFO 17108 --- [orderserrvice] [main] o.s.c.n.eureka.InstanceInfoFactory       : Setting initial instance status as: STARTING
2026-04-27T18:04:22.539+05:30  INFO 17108 --- [orderserrvice] [main] com.netflix.discovery.DiscoveryClient    : Initializing Eureka in region us-east-1
2026-04-27T18:04:22.543+05:30  INFO 17108 --- [orderserrvice] [main] c.n.d.s.r.aws.ConfigClusterResolver      : Resolving eureka endpoints via configuration
2026-04-27T18:04:22.553+05:30  INFO 17108 --- [orderserrvice] [main] com.netflix.discovery.DiscoveryClient    : Disable delta property : false
2026-04-27T18:04:22.553+05:30  INFO 17108 --- [orderserrvice] [main] com.netflix.discovery.DiscoveryClient    : Single vip registry refresh property : null
2026-04-27T18:04:22.553+05:30  INFO 17108 --- [orderserrvice] [main] com.netflix.discovery.DiscoveryClient    : Force full registry fetch : false
2026-04-27T18:04:22.554+05:30  INFO 17108 --- [orderserrvice] [main] com.netflix.discovery.DiscoveryClient    : Application is null : false
2026-04-27T18:04:22.554+05:30  INFO 17108 --- [orderserrvice] [main] com.netflix.discovery.DiscoveryClient    : Registered Applications size is zero : true
2026-04-27T18:04:22.554+05:30  INFO 17108 --- [orderserrvice] [main] com.netflix.discovery.DiscoveryClient    : Application version is -1: true
2026-04-27T18:04:22.554+05:30  INFO 17108 --- [orderserrvice] [main] com.netflix.discovery.DiscoveryClient    : Getting all instance registry info from the eureka server
2026-04-27T18:04:24.002+05:30  INFO 17108 --- [orderserrvice] [main] com.netflix.discovery.DiscoveryClient    : The response status is 200
2026-04-27T18:04:24.005+05:30  INFO 17108 --- [orderserrvice] [main] com.netflix.discovery.DiscoveryClient    : Starting heartbeat executor: renew interval is: 30
2026-04-27T18:04:24.007+05:30  INFO 17108 --- [orderserrvice] [main] c.n.discovery.InstanceInfoReplicator     : InstanceInfoReplicator onDemand update allowed rate per min is 4
2026-04-27T18:04:24.011+05:30  INFO 17108 --- [orderserrvice] [main] com.netflix.discovery.DiscoveryClient    : Discovery Client initialized at timestamp 1777293264009 with initial instances count: 1
2026-04-27T18:04:24.015+05:30  INFO 17108 --- [orderserrvice] [main] o.s.c.n.e.s.EurekaServiceRegistry        : Registering application ORDERSERRVICE with eureka with status UP
2026-04-27T18:04:24.015+05:30  INFO 17108 --- [orderserrvice] [main] com.netflix.discovery.DiscoveryClient    : Saw local status change event StatusChangeEvent [timestamp=1777293264015, current=UP, previous=STARTING]
2026-04-27T18:04:24.017+05:30  INFO 17108 --- [orderserrvice] [DiscoveryClient-InstanceInfoReplicator-%d] com.netflix.discovery.DiscoveryClient    : DiscoveryClient_ORDERSERRVICE/DESKTOP-4NM1QG2:orderserrvice:8081: registering service...
2026-04-27T18:04:24.351+05:30  INFO 17108 --- [orderserrvice] [DiscoveryClient-InstanceInfoReplicator-%d] com.netflix.discovery.DiscoveryClient    : DiscoveryClient_ORDERSERRVICE/DESKTOP-4NM1QG2:orderserrvice:8081 - registration status: 204
2026-04-27T18:04:24.978+05:30  INFO 17108 --- [orderserrvice] [main] o.s.boot.tomcat.TomcatWebServer          : Tomcat started on port 8081 (http) with context path '/'
2026-04-27T18:04:24.980+05:30  INFO 17108 --- [orderserrvice] [main] .s.c.n.e.s.EurekaAutoServiceRegistration : Updating port to 8081
2026-04-27T18:04:25.092+05:30  INFO 17108 --- [orderserrvice] [main] in.ashokit.OrderserrviceApplication      : Started OrderserrviceApplication in 98.544 seconds (process running for 114.446)
2026-04-27T18:04:25.920+05:30  WARN 17108 --- [orderserrvice] [main] o.s.core.events.SpringDocAppInitializer  : SpringDoc /v3/api-docs endpoint is enabled by default. To disable it in production, set the property 'springdoc.api-docs.enabled=false'
2026-04-27T18:04:25.921+05:30  WARN 17108 --- [orderserrvice] [main] o.s.core.events.SpringDocAppInitializer  : SpringDoc /swagger-ui.html endpoint is enabled by default. To disable it in production, set the property 'springdoc.swagger-ui.enabled=false'
2026-04-27T18:04:27.126+05:30  INFO 17108 --- [orderserrvice] [RMI TCP Connection(12)-127.0.0.1] o.a.c.c.C.[Tomcat].[localhost].[/]       : Initializing Spring DispatcherServlet 'dispatcherServlet'
2026-04-27T18:04:27.126+05:30  INFO 17108 --- [orderserrvice] [RMI TCP Connection(12)-127.0.0.1] o.s.web.servlet.DispatcherServlet        : Initializing Servlet 'dispatcherServlet'
2026-04-27T18:04:27.129+05:30  INFO 17108 --- [orderserrvice] [RMI TCP Connection(12)-127.0.0.1] o.s.web.servlet.DispatcherServlet        : Completed initialization in 2 ms
2026-04-27T18:09:22.564+05:30  INFO 17108 --- [orderserrvice] [AsyncResolver-bootstrap-executor-%d] c.n.d.s.r.aws.ConfigClusterResolver      : Resolving eureka endpoints via configuration
2026-04-27T18:14:22.570+05:30  INFO 17108 --- [orderserrvice] [AsyncResolver-bootstrap-executor-%d] c.n.d.s.r.aws.ConfigClusterResolver      : Resolving eureka endpoints via configuration
2026-04-27T18:19:22.586+05:30  INFO 17108 --- [orderserrvice] [AsyncResolver-bootstrap-executor-%d] c.n.d.s.r.aws.ConfigClusterResolver      : Resolving eureka endpoints via configuration
2026-04-27T18:24:22.617+05:30  INFO 17108 --- [orderserrvice] [AsyncResolver-bootstrap-executor-%d] c.n.d.s.r.aws.ConfigClusterResolver      : Resolving eureka endpoints via configuration
2026-04-27T18:29:22.629+05:30  INFO 17108 --- [orderserrvice] [AsyncResolver-bootstrap-executor-%d] c.n.d.s.r.aws.ConfigClusterResolver      : Resolving eureka endpoints via configuration
2026-04-27T18:34:22.637+05:30  INFO 17108 --- [orderserrvice] [AsyncResolver-bootstrap-executor-%d] c.n.d.s.r.aws.ConfigClusterResolver      : Resolving eureka endpoints via configuration
2026-04-27T18:39:22.638+05:30  INFO 17108 --- [orderserrvice] [AsyncResolver-bootstrap-executor-%d] c.n.d.s.r.aws.ConfigClusterResolver      : Resolving eureka endpoints via configuration
2026-04-27T18:44:22.655+05:30  INFO 17108 --- [orderserrvice] [AsyncResolver-bootstrap-executor-%d] c.n.d.s.r.aws.ConfigClusterResolver      : Resolving eureka endpoints via configuration
2026-04-27T18:49:22.660+05:30  INFO 17108 --- [orderserrvice] [AsyncResolver-bootstrap-executor-%d] c.n.d.s.r.aws.ConfigClusterResolver      : Resolving eureka endpoints via configuration
2026-04-27T18:54:22.715+05:30  INFO 17108 --- [orderserrvice] [AsyncResolver-bootstrap-executor-%d] c.n.d.s.r.aws.ConfigClusterResolver      : Resolving eureka endpoints via configuration
2026-04-27T18:55:21.769+05:30  INFO 17108 --- [orderserrvice] [RMI TCP Connection(69)-127.0.0.1] inMXBeanRegistrar$SpringApplicationAdmin : Application shutdown requested.
2026-04-27T18:55:22.924+05:30  INFO 17108 --- [orderserrvice] [RMI TCP Connection(69)-127.0.0.1] o.s.c.n.e.s.EurekaServiceRegistry        : Unregistering application ORDERSERRVICE with eureka with status DOWN
2026-04-27T18:55:22.924+05:30  INFO 17108 --- [orderserrvice] [RMI TCP Connection(69)-127.0.0.1] com.netflix.discovery.DiscoveryClient    : Saw local status change event StatusChangeEvent [timestamp=1777296322924, current=DOWN, previous=UP]
2026-04-27T18:55:22.925+05:30  INFO 17108 --- [orderserrvice] [DiscoveryClient-InstanceInfoReplicator-%d] com.netflix.discovery.DiscoveryClient    : DiscoveryClient_ORDERSERRVICE/DESKTOP-4NM1QG2:orderserrvice:8081: registering service...
2026-04-27T18:55:23.217+05:30  INFO 17108 --- [orderserrvice] [DiscoveryClient-InstanceInfoReplicator-%d] com.netflix.discovery.DiscoveryClient    : DiscoveryClient_ORDERSERRVICE/DESKTOP-4NM1QG2:orderserrvice:8081 - registration status: 204
2026-04-27T18:55:25.143+05:30  INFO 17108 --- [orderserrvice] [RMI TCP Connection(69)-127.0.0.1] o.s.boot.tomcat.GracefulShutdown         : Commencing graceful shutdown. Waiting for active requests to complete
2026-04-27T18:55:25.477+05:30  INFO 17108 --- [orderserrvice] [tomcat-shutdown] o.s.boot.tomcat.GracefulShutdown         : Graceful shutdown complete
2026-04-27T18:55:26.488+05:30  INFO 17108 --- [orderserrvice] [RMI TCP Connection(69)-127.0.0.1] j.LocalContainerEntityManagerFactoryBean : Closing JPA EntityManagerFactory for persistence unit 'default'
2026-04-27T18:55:27.595+05:30  INFO 17108 --- [orderserrvice] [RMI TCP Connection(69)-127.0.0.1] com.zaxxer.hikari.HikariDataSource       : HikariPool-1 - Shutdown initiated...
2026-04-27T18:55:28.091+05:30  INFO 17108 --- [orderserrvice] [RMI TCP Connection(69)-127.0.0.1] com.zaxxer.hikari.HikariDataSource       : HikariPool-1 - Shutdown completed.
2026-04-27T18:55:28.095+05:30  INFO 17108 --- [orderserrvice] [RMI TCP Connection(69)-127.0.0.1] com.netflix.discovery.DiscoveryClient    : Shutting down DiscoveryClient ...
2026-04-27T18:55:31.107+05:30  INFO 17108 --- [orderserrvice] [RMI TCP Connection(69)-127.0.0.1] com.netflix.discovery.DiscoveryClient    : Unregistering ...
2026-04-27T18:55:31.135+05:30  WARN 17108 --- [orderserrvice] [DiscoveryClient-%d] c.netflix.discovery.TimedSupervisorTask  : task supervisor shutting down, can't accept the task
2026-04-27T18:55:31.279+05:30  INFO 17108 --- [orderserrvice] [RMI TCP Connection(69)-127.0.0.1] com.netflix.discovery.DiscoveryClient    : DiscoveryClient_ORDERSERRVICE/DESKTOP-4NM1QG2:orderserrvice:8081 - deregister  status: 200
2026-04-27T18:55:31.280+05:30  INFO 17108 --- [orderserrvice] [RMI TCP Connection(69)-127.0.0.1] com.netflix.discovery.DiscoveryClient    : Completed shut down of DiscoveryClient
